
> pracpedia@1.0.0 dev
> next dev -p 3000

▲ Next.js 16.3.4 (Turbopack)
- Local:         http://localhost:3000
- Network:       http://21.0.16.150:3000
- Environments: .env
✓ Ready in 348ms
✓ Running next.config.ts took 36ms

 GET / 200 in 683ms (next.js: 195ms, application-code: 488ms)
 GET /api/health 200 in 3.8s (next.js: 77ms, application-code: 3.7s)
 GET /api/settings/banner 200 in 511ms (next.js: 31ms, application-code: 480ms)
 GET / 200 in 36ms (next.js: 3ms, application-code: 33ms)
 GET / 200 in 42ms (next.js: 4ms, application-code: 39ms)
 GET / 200 in 39ms (next.js: 4ms, application-code: 36ms)
 GET / 200 in 36ms (next.js: 3ms, application-code: 33ms)
 GET / 200 in 36ms (next.js: 3ms, application-code: 33ms)
 GET / 200 in 33ms (next.js: 3ms, application-code: 29ms)
 GET / 200 in 35ms (next.js: 4ms, application-code: 31ms)
 GET / 200 in 82ms (next.js: 3ms, application-code: 79ms)
 GET / 200 in 41ms (next.js: 3ms, application-code: 37ms)
 GET / 200 in 36ms (next.js: 3ms, application-code: 34ms)
 GET / 200 in 34ms (next.js: 3ms, application-code: 31ms)
 GET / 200 in 36ms (next.js: 4ms, application-code: 32ms)
 GET / 200 in 45ms (next.js: 3ms, application-code: 42ms)
 GET / 200 in 39ms (next.js: 3ms, application-code: 35ms)
 GET / 200 in 33ms (next.js: 3ms, application-code: 30ms)
 GET / 200 in 40ms (next.js: 5ms, application-code: 36ms)
 GET / 200 in 42ms (next.js: 3ms, application-code: 38ms)
 GET / 200 in 35ms (next.js: 3ms, application-code: 32ms)
 GET / 200 in 32ms (next.js: 3ms, application-code: 29ms)
 GET / 200 in 37ms (next.js: 3ms, application-code: 33ms)
 GET / 200 in 37ms (next.js: 4ms, application-code: 32ms)
 GET / 200 in 36ms (next.js: 4ms, application-code: 32ms)
 GET / 200 in 31ms (next.js: 3ms, application-code: 28ms)
 GET / 200 in 32ms (next.js: 3ms, application-code: 29ms)
 GET / 200 in 32ms (next.js: 3ms, application-code: 29ms)
 GET / 200 in 39ms (next.js: 3ms, application-code: 36ms)
 GET / 200 in 32ms (next.js: 3ms, application-code: 29ms)
 GET / 200 in 141ms (next.js: 3ms, application-code: 138ms)
 GET / 200 in 32ms (next.js: 3ms, application-code: 29ms)
 GET /api/settings/banner 200 in 451ms (next.js: 2ms, application-code: 449ms)
 GET /api/settings/landing 200 in 567ms (next.js: 251ms, application-code: 316ms)
 GET /api/stats 200 in 2.4s (next.js: 185ms, application-code: 2.3s)
 GET / 200 in 45ms (next.js: 12ms, application-code: 33ms)
 GET / 200 in 38ms (next.js: 4ms, application-code: 34ms)
 GET / 200 in 42ms (next.js: 3ms, application-code: 39ms)
 GET / 200 in 34ms (next.js: 3ms, application-code: 31ms)
 GET / 200 in 41ms (next.js: 3ms, application-code: 38ms)
 GET / 200 in 34ms (next.js: 3ms, application-code: 31ms)
 GET / 200 in 33ms (next.js: 3ms, application-code: 30ms)
 GET / 200 in 32ms (next.js: 3ms, application-code: 29ms)
 POST /api/auth/google 200 in 853ms (next.js: 164ms, application-code: 688ms)
 GET / 200 in 33ms (next.js: 3ms, application-code: 30ms)
 GET /api/subjects 200 in 715ms (next.js: 78ms, application-code: 637ms)
 GET /api/subjects 200 in 751ms (next.js: 105ms, application-code: 646ms)
 GET /api/folders 200 in 548ms (next.js: 121ms, application-code: 427ms)
 GET /api/folders 200 in 546ms (next.js: 113ms, application-code: 433ms)
 GET /api/announcements 200 in 515ms (next.js: 88ms, application-code: 427ms)
 GET /api/announcements 200 in 529ms (next.js: 101ms, application-code: 428ms)
 GET /api/settings/banner 200 in 426ms (next.js: 2ms, application-code: 424ms)
 GET /api/settings/banner 200 in 423ms (next.js: 1.5ms, application-code: 421ms)
 GET / 200 in 39ms (next.js: 6ms, application-code: 33ms)
 GET /api/users/admins 200 in 518ms (next.js: 90ms, application-code: 428ms)
 GET /api/users/admins 200 in 533ms (next.js: 109ms, application-code: 423ms)
 GET / 200 in 31ms (next.js: 3ms, application-code: 28ms)
 GET /api/subjects 200 in 218ms (next.js: 4ms, application-code: 214ms)
 GET /api/stats 200 in 3.0s (next.js: 3ms, application-code: 3.0s)
 GET /api/stats 200 in 3.3s (next.js: 1.9ms, application-code: 3.3s)
 GET /api/chat/general 200 in 1244ms (next.js: 787ms, application-code: 457ms)
 GET /api/users/students 200 in 608ms (next.js: 182ms, application-code: 426ms)
 GET /api/users/students 200 in 426ms (next.js: 2ms, application-code: 424ms)
 GET / 200 in 35ms (next.js: 3ms, application-code: 31ms)
 GET /api/chat/general?since=1970-01-01T00%3A00%3A00.000Z 200 in 449ms (next.js: 18ms, application-code: 431ms)
 GET / 200 in 39ms (next.js: 4ms, application-code: 36ms)
 GET /api/chat/general?since=1970-01-01T00%3A00%3A00.000Z 200 in 677ms (next.js: 23ms, application-code: 653ms)
 GET / 200 in 39ms (next.js: 3ms, application-code: 36ms)
 GET /api/credentials 200 in 2.6s (next.js: 151ms, application-code: 2.5s)
 POST /api/auth/track-time 200 in 1314ms (next.js: 121ms, application-code: 1193ms)
 POST /api/auth/track-time 200 in 426ms (next.js: 2ms, application-code: 424ms)
 GET / 200 in 34ms (next.js: 3ms, application-code: 31ms)
 GET /api/chat/general?since=1970-01-01T00%3A00%3A00.000Z 200 in 439ms (next.js: 19ms, application-code: 419ms)
 GET / 200 in 46ms (next.js: 15ms, application-code: 31ms)
 GET /api/chat/general?since=1970-01-01T00%3A00%3A00.000Z 200 in 269ms (next.js: 11ms, application-code: 258ms)
 GET / 200 in 43ms (next.js: 4ms, application-code: 39ms)
 GET /api/chat/general?since=1970-01-01T00%3A00%3A00.000Z 200 in 225ms (next.js: 10ms, application-code: 215ms)
 GET / 200 in 37ms (next.js: 3ms, application-code: 34ms)
 GET /api/chat/general?since=1970-01-01T00%3A00%3A00.000Z 200 in 228ms (next.js: 13ms, application-code: 215ms)
 GET / 200 in 41ms (next.js: 4ms, application-code: 37ms)
 GET /api/subjects 200 in 424ms (next.js: 4ms, application-code: 420ms)
 POST /api/auth/track-time 200 in 1105ms (next.js: 4ms, application-code: 1102ms)
 GET /api/folders 200 in 635ms (next.js: 3ms, application-code: 632ms)
 POST /api/auth/track-time 200 in 440ms (next.js: 2ms, application-code: 438ms)
 GET /api/announcements 200 in 446ms (next.js: 4ms, application-code: 442ms)
 GET /api/settings/banner 200 in 455ms (next.js: 4ms, application-code: 451ms)
 GET /api/chat/general?since=1970-01-01T00%3A00%3A00.000Z 200 in 224ms (next.js: 11ms, application-code: 213ms)
 GET /api/users/admins 200 in 433ms (next.js: 4ms, application-code: 429ms)
 GET / 200 in 40ms (next.js: 4ms, application-code: 36ms)
 GET /api/stats 200 in 1983ms (next.js: 4ms, application-code: 1979ms)
 GET /api/chat/general?since=1970-01-01T00%3A00%3A00.000Z 200 in 449ms (next.js: 10ms, application-code: 439ms)
 GET /api/users/students 200 in 443ms (next.js: 3ms, application-code: 440ms)
 GET / 200 in 44ms (next.js: 3ms, application-code: 41ms)
 GET / 200 in 49ms (next.js: 3ms, application-code: 46ms)
 GET /api/chat/general?since=1970-01-01T00%3A00%3A00.000Z 200 in 456ms (next.js: 10ms, application-code: 447ms)
 GET / 200 in 92ms (next.js: 3ms, application-code: 89ms)
 GET /api/chat/general?since=1970-01-01T00%3A00%3A00.000Z 200 in 239ms (next.js: 14ms, application-code: 225ms)
 GET / 200 in 33ms (next.js: 3ms, application-code: 30ms)
 POST /api/auth/track-time 200 in 671ms (next.js: 3ms, application-code: 668ms)
 POST /api/auth/track-time 200 in 447ms (next.js: 2ms, application-code: 445ms)
 GET /api/chat/general?since=1970-01-01T00%3A00%3A00.000Z 200 in 234ms (next.js: 10ms, application-code: 224ms)
 GET / 200 in 34ms (next.js: 4ms, application-code: 30ms)
 GET /api/chat/general?since=1970-01-01T00%3A00%3A00.000Z 200 in 243ms (next.js: 11ms, application-code: 232ms)
 GET / 200 in 38ms (next.js: 6ms, application-code: 32ms)
 GET / 200 in 30ms (next.js: 4ms, application-code: 26ms)
 GET / 200 in 42ms (next.js: 3ms, application-code: 38ms)
[browser] ⨯ unhandledRejection: ChunkLoadError: Failed to load chunk /_next/static/chunks/src_lib_client-error-capture_ts_0kh665p._.js from module [project]/node_modules/next/dist/compiled/react-server-dom-turbopack/cjs/react-server-dom-turbopack-client.browser.development.js [app-client] (ecmascript)
[browser] ⨯ unhandledRejection: ChunkLoadError: Failed to load chunk /_next/static/chunks/%5Bturbopack%5D_browser_dev_hmr-client_hmr-client_ts_1mojsay._.js from module [turbopack]/browser/dev/hmr-client/hmr-client.ts [app-client] (ecmascript, async loader)
 GET / 200 in 34ms (next.js: 4ms, application-code: 31ms)
 GET /api/auth/me 200 in 255ms (next.js: 31ms, application-code: 225ms)
 GET / 200 in 31ms (next.js: 3ms, application-code: 28ms)
 GET /api/settings/banner 200 in 442ms (next.js: 2ms, application-code: 440ms)
 GET /api/subjects 200 in 424ms (next.js: 1.5ms, application-code: 422ms)
 GET /api/subjects 200 in 441ms (next.js: 2ms, application-code: 439ms)
 GET /api/folders 200 in 215ms (next.js: 1.3ms, application-code: 214ms)
 GET /api/folders 200 in 442ms (next.js: 2ms, application-code: 440ms)
 GET /api/announcements 200 in 217ms (next.js: 2ms, application-code: 214ms)
 GET /api/announcements 200 in 216ms (next.js: 2.0ms, application-code: 214ms)
 GET /api/settings/banner 200 in 225ms (next.js: 2ms, application-code: 223ms)
 GET /api/settings/banner 200 in 226ms (next.js: 2ms, application-code: 224ms)
 GET /api/users/admins 200 in 217ms (next.js: 2ms, application-code: 214ms)
 GET /api/users/admins 200 in 219ms (next.js: 2ms, application-code: 217ms)
 GET / 200 in 51ms (next.js: 4ms, application-code: 47ms)
 GET /api/stats 200 in 2.6s (next.js: 2.0ms, application-code: 2.6s)
 GET /api/stats 200 in 3.0s (next.js: 1.8ms, application-code: 3.0s)
 GET /api/users/students 200 in 218ms (next.js: 2ms, application-code: 216ms)
 GET / 200 in 38ms (next.js: 4ms, application-code: 34ms)
 GET /api/users/students 200 in 418ms (next.js: 1.5ms, application-code: 417ms)
 GET /api/chat/general 200 in 434ms (next.js: 11ms, application-code: 423ms)
 GET /api/subjects 200 in 444ms (next.js: 2ms, application-code: 442ms)
 GET / 200 in 34ms (next.js: 5ms, application-code: 29ms)
